# __generated__ by Terraform
# Please review these resources and move them into your main configuration files.

# __generated__ by Terraform from "bar"
resource "test_instance" "foo" {
  ami = null
}
